{
  "header": { "statut": 200, "message": "ok" },
  "etablissement": {
    "siren": "130025265",
    "nic": "00013",
    "siret": "13002526500013",
    "statutDiffusionEtablissement": "O",
    "dateCreationEtablissement": "2017-05-24",
    "trancheEffectifsEtablissement": "32",
    "anneeEffectifsEtablissement": "2022",
    "activitePrincipaleRegistreMetiersEtablissement": null,
    "dateDernierTraitementEtablissement": "2024-03-30T02:31:29.615",
    "etablissementSiege": true,
    "nombrePeriodesEtablissement": 1,
    "uniteLegale": {
      "etatAdministratifUniteLegale": "A",
      "statutDiffusionUniteLegale": "O",
      "dateCreationUniteLegale": "2017-05-24",
      "categorieJuridiqueUniteLegale": "7120",
      "denominationUniteLegale": "DIRECTION INTERMINISTERIELLE DU NUMERIQUE",
      "sigleUniteLegale": "DINUM",
      "denominationUsuelle1UniteLegale": null,
      "denominationUsuelle2UniteLegale": null,
      "denominationUsuelle3UniteLegale": null,
      "sexeUniteLegale": null,
      "nomUniteLegale": null,
      "nomUsageUniteLegale": null,
      "prenom1UniteLegale": null,
      "prenom2UniteLegale": null,
      "prenom3UniteLegale": null,
      "prenom4UniteLegale": null,
      "prenomUsuelUniteLegale": null,
      "pseudonymeUniteLegale": null,
      "activitePrincipaleUniteLegale": "84.11Z",
      "nomenclatureActivitePrincipaleUniteLegale": "NAFRev2",
      "identifiantAssociationUniteLegale": null,
      "economieSocialeSolidaireUniteLegale": "N",
      "societeMissionUniteLegale": null,
      "caractereEmployeurUniteLegale": null,
      "trancheEffectifsUniteLegale": "32",
      "anneeEffectifsUniteLegale": "2022",
      "nicSiegeUniteLegale": "00013",
      "dateDernierTraitementUniteLegale": "2024-03-22T09:28:19.000",
      "categorieEntreprise": "ETI",
      "anneeCategorieEntreprise": "2022"
    },
    "adresseEtablissement": {
      "complementAdresseEtablissement": null,
      "numeroVoieEtablissement": "20",
      "indiceRepetitionEtablissement": null,
      "dernierNumeroVoieEtablissement": null,
      "indiceRepetitionDernierNumeroVoieEtablissement": null,
      "typeVoieEtablissement": "AVENUE",
      "libelleVoieEtablissement": "DE SEGUR",
      "codePostalEtablissement": "75007",
      "libelleCommuneEtablissement": "PARIS",
      "libelleCommuneEtrangerEtablissement": null,
      "distributionSpecialeEtablissement": null,
      "codeCommuneEtablissement": "75107",
      "codeCedexEtablissement": null,
      "libelleCedexEtablissement": null,
      "codePaysEtrangerEtablissement": null,
      "libellePaysEtrangerEtablissement": null,
      "identifiantAdresseEtablissement": "751078909_B",
      "coordonneeLambertAbscisseEtablissement": "649266.3519109825",
      "coordonneeLambertOrdonneeEtablissement": "6861406.234481805"
    },
    "adresse2Etablissement": {
      "complementAdresse2Etablissement": null,
      "numeroVoie2Etablissement": null,
      "indiceRepetition2Etablissement": null,
      "typeVoie2Etablissement": null,
      "libelleVoie2Etablissement": null,
      "codePostal2Etablissement": null,
      "libelleCommune2Etablissement": null,
      "libelleCommuneEtranger2Etablissement": null,
      "distributionSpeciale2Etablissement": null,
      "codeCommune2Etablissement": null,
      "codeCedex2Etablissement": null,
      "libelleCedex2Etablissement": null,
      "codePaysEtranger2Etablissement": null,
      "libellePaysEtranger2Etablissement": null
    },
    "periodesEtablissement": [
      {
        "dateFin": null,
        "dateDebut": "2017-05-24",
        "etatAdministratifEtablissement": "A",
        "changementEtatAdministratifEtablissement": false,
        "enseigne1Etablissement": null,
        "enseigne2Etablissement": null,
        "enseigne3Etablissement": null,
        "changementEnseigneEtablissement": false,
        "denominationUsuelleEtablissement": null,
        "changementDenominationUsuelleEtablissement": false,
        "activitePrincipaleEtablissement": "84.11Z",
        "nomenclatureActivitePrincipaleEtablissement": "NAFRev2",
        "changementActivitePrincipaleEtablissement": false,
        "caractereEmployeurEtablissement": "N",
        "changementCaractereEmployeurEtablissement": false
      }
    ]
  }
}
