{
  "header": { "statut": 200, "message": "ok" },
  "etablissement": {
    "siren": "213401268",
    "nic": "00049",
    "siret": "21340126800049",
    "statutDiffusionEtablissement": "O",
    "dateCreationEtablissement": "1983-12-21",
    "trancheEffectifsEtablissement": "03",
    "anneeEffectifsEtablissement": "2022",
    "activitePrincipaleRegistreMetiersEtablissement": null,
    "dateDernierTraitementEtablissement": "2025-01-20T02:54:52.858",
    "etablissementSiege": false,
    "nombrePeriodesEtablissement": 3,
    "uniteLegale": {
      "etatAdministratifUniteLegale": "A",
      "statutDiffusionUniteLegale": "O",
      "dateCreationUniteLegale": "1982-01-01",
      "categorieJuridiqueUniteLegale": "7210",
      "denominationUniteLegale": "COMMUNE DE LAMALOU-LES-BAINS",
      "sigleUniteLegale": null,
      "denominationUsuelle1UniteLegale": null,
      "denominationUsuelle2UniteLegale": null,
      "denominationUsuelle3UniteLegale": null,
      "sexeUniteLegale": null,
      "nomUniteLegale": null,
      "nomUsageUniteLegale": null,
      "prenom1UniteLegale": null,
      "prenom2UniteLegale": null,
      "prenom3UniteLegale": null,
      "prenom4UniteLegale": null,
      "prenomUsuelUniteLegale": null,
      "pseudonymeUniteLegale": null,
      "activitePrincipaleUniteLegale": "84.11Z",
      "nomenclatureActivitePrincipaleUniteLegale": "NAFRev2",
      "identifiantAssociationUniteLegale": null,
      "economieSocialeSolidaireUniteLegale": "N",
      "societeMissionUniteLegale": null,
      "caractereEmployeurUniteLegale": null,
      "trancheEffectifsUniteLegale": "21",
      "anneeEffectifsUniteLegale": "2022",
      "nicSiegeUniteLegale": "00130",
      "dateDernierTraitementUniteLegale": "2024-03-22T09:28:19.000",
      "categorieEntreprise": "PME",
      "anneeCategorieEntreprise": "2022"
    },
    "adresseEtablissement": {
      "complementAdresseEtablissement": null,
      "numeroVoieEtablissement": "19",
      "indiceRepetitionEtablissement": null,
      "dernierNumeroVoieEtablissement": null,
      "indiceRepetitionDernierNumeroVoieEtablissement": null,
      "typeVoieEtablissement": "AVENUE",
      "libelleVoieEtablissement": "DE LA REPUBLIQUE",
      "codePostalEtablissement": "34240",
      "libelleCommuneEtablissement": "LAMALOU-LES-BAINS",
      "libelleCommuneEtrangerEtablissement": null,
      "distributionSpecialeEtablissement": null,
      "codeCommuneEtablissement": "34126",
      "codeCedexEtablissement": null,
      "libelleCedexEtablissement": null,
      "codePaysEtrangerEtablissement": null,
      "libellePaysEtrangerEtablissement": null,
      "identifiantAdresseEtablissement": "341260150_B",
      "coordonneeLambertAbscisseEtablissement": "706379.6951853228",
      "coordonneeLambertOrdonneeEtablissement": "6278223.4204430375"
    },
    "adresse2Etablissement": {
      "complementAdresse2Etablissement": null,
      "numeroVoie2Etablissement": null,
      "indiceRepetition2Etablissement": null,
      "typeVoie2Etablissement": null,
      "libelleVoie2Etablissement": null,
      "codePostal2Etablissement": null,
      "libelleCommune2Etablissement": null,
      "libelleCommuneEtranger2Etablissement": null,
      "distributionSpeciale2Etablissement": null,
      "codeCommune2Etablissement": null,
      "codeCedex2Etablissement": null,
      "libelleCedex2Etablissement": null,
      "codePaysEtranger2Etablissement": null,
      "libellePaysEtranger2Etablissement": null
    },
    "periodesEtablissement": [
      {
        "dateFin": null,
        "dateDebut": "2008-01-01",
        "etatAdministratifEtablissement": "A",
        "changementEtatAdministratifEtablissement": false,
        "enseigne1Etablissement": "ECOLE ELEMENTAIRE PUBLIQUE PAUL VALERY",
        "enseigne2Etablissement": null,
        "enseigne3Etablissement": null,
        "changementEnseigneEtablissement": false,
        "denominationUsuelleEtablissement": null,
        "changementDenominationUsuelleEtablissement": false,
        "activitePrincipaleEtablissement": "85.20Z",
        "nomenclatureActivitePrincipaleEtablissement": "NAFRev2",
        "changementActivitePrincipaleEtablissement": true,
        "caractereEmployeurEtablissement": "N",
        "changementCaractereEmployeurEtablissement": false
      },
      {
        "dateFin": "2007-12-31",
        "dateDebut": "1983-12-25",
        "etatAdministratifEtablissement": "A",
        "changementEtatAdministratifEtablissement": false,
        "enseigne1Etablissement": "ECOLE ELEMENTAIRE PUBLIQUE PAUL VALERY",
        "enseigne2Etablissement": null,
        "enseigne3Etablissement": null,
        "changementEnseigneEtablissement": false,
        "denominationUsuelleEtablissement": null,
        "changementDenominationUsuelleEtablissement": false,
        "activitePrincipaleEtablissement": "80.1Z",
        "nomenclatureActivitePrincipaleEtablissement": "NAF1993",
        "changementActivitePrincipaleEtablissement": true,
        "caractereEmployeurEtablissement": "N",
        "changementCaractereEmployeurEtablissement": false
      },
      {
        "dateFin": "1983-12-24",
        "dateDebut": "1983-12-21",
        "etatAdministratifEtablissement": "A",
        "changementEtatAdministratifEtablissement": false,
        "enseigne1Etablissement": "ECOLE ELEMENTAIRE PUBLIQUE PAUL VALERY",
        "enseigne2Etablissement": null,
        "enseigne3Etablissement": null,
        "changementEnseigneEtablissement": false,
        "denominationUsuelleEtablissement": null,
        "changementDenominationUsuelleEtablissement": false,
        "activitePrincipaleEtablissement": null,
        "nomenclatureActivitePrincipaleEtablissement": null,
        "changementActivitePrincipaleEtablissement": false,
        "caractereEmployeurEtablissement": "N",
        "changementCaractereEmployeurEtablissement": false
      }
    ]
  }
}
