{
  "header": { "statut": 200, "message": "ok" },
  "etablissement": {
    "siren": "217400563",
    "nic": "00011",
    "siret": "21740056300011",
    "statutDiffusionEtablissement": "O",
    "dateCreationEtablissement": "1983-03-01",
    "trancheEffectifsEtablissement": "32",
    "anneeEffectifsEtablissement": "2022",
    "activitePrincipaleRegistreMetiersEtablissement": null,
    "dateDernierTraitementEtablissement": "2024-03-30T11:55:20.597",
    "etablissementSiege": true,
    "nombrePeriodesEtablissement": 5,
    "uniteLegale": {
      "etatAdministratifUniteLegale": "A",
      "statutDiffusionUniteLegale": "O",
      "dateCreationUniteLegale": "1982-01-01",
      "categorieJuridiqueUniteLegale": "7210",
      "denominationUniteLegale": "COMMUNE DE CHAMONIX MONT BLANC",
      "sigleUniteLegale": null,
      "denominationUsuelle1UniteLegale": null,
      "denominationUsuelle2UniteLegale": null,
      "denominationUsuelle3UniteLegale": null,
      "sexeUniteLegale": null,
      "nomUniteLegale": null,
      "nomUsageUniteLegale": null,
      "prenom1UniteLegale": null,
      "prenom2UniteLegale": null,
      "prenom3UniteLegale": null,
      "prenom4UniteLegale": null,
      "prenomUsuelUniteLegale": null,
      "pseudonymeUniteLegale": null,
      "activitePrincipaleUniteLegale": "84.11Z",
      "nomenclatureActivitePrincipaleUniteLegale": "NAFRev2",
      "identifiantAssociationUniteLegale": null,
      "economieSocialeSolidaireUniteLegale": "N",
      "societeMissionUniteLegale": null,
      "caractereEmployeurUniteLegale": null,
      "trancheEffectifsUniteLegale": "32",
      "anneeEffectifsUniteLegale": "2022",
      "nicSiegeUniteLegale": "00011",
      "dateDernierTraitementUniteLegale": "2024-03-22T09:28:19.000",
      "categorieEntreprise": "ETI",
      "anneeCategorieEntreprise": "2022"
    },
    "adresseEtablissement": {
      "complementAdresseEtablissement": null,
      "numeroVoieEtablissement": "38",
      "indiceRepetitionEtablissement": null,
      "dernierNumeroVoieEtablissement": null,
      "indiceRepetitionDernierNumeroVoieEtablissement": null,
      "typeVoieEtablissement": "PLACE",
      "libelleVoieEtablissement": "DE L'EGLISE",
      "codePostalEtablissement": "74400",
      "libelleCommuneEtablissement": "CHAMONIX-MONT-BLANC",
      "libelleCommuneEtrangerEtablissement": null,
      "distributionSpecialeEtablissement": null,
      "codeCommuneEtablissement": "74056",
      "codeCedexEtablissement": null,
      "libelleCedexEtablissement": null,
      "codePaysEtrangerEtablissement": null,
      "libellePaysEtrangerEtablissement": null,
      "identifiantAdresseEtablissement": "740560410_B",
      "coordonneeLambertAbscisseEtablissement": "999742.7188663534",
      "coordonneeLambertOrdonneeEtablissement": "6543338.920138569"
    },
    "adresse2Etablissement": {
      "complementAdresse2Etablissement": null,
      "numeroVoie2Etablissement": null,
      "indiceRepetition2Etablissement": null,
      "typeVoie2Etablissement": null,
      "libelleVoie2Etablissement": null,
      "codePostal2Etablissement": null,
      "libelleCommune2Etablissement": null,
      "libelleCommuneEtranger2Etablissement": null,
      "distributionSpeciale2Etablissement": null,
      "codeCommune2Etablissement": null,
      "codeCedex2Etablissement": null,
      "libelleCedex2Etablissement": null,
      "codePaysEtranger2Etablissement": null,
      "libellePaysEtranger2Etablissement": null
    },
    "periodesEtablissement": [
      {
        "dateFin": null,
        "dateDebut": "2023-05-01",
        "etatAdministratifEtablissement": "A",
        "changementEtatAdministratifEtablissement": false,
        "enseigne1Etablissement": "MAIRIE",
        "enseigne2Etablissement": null,
        "enseigne3Etablissement": null,
        "changementEnseigneEtablissement": true,
        "denominationUsuelleEtablissement": null,
        "changementDenominationUsuelleEtablissement": false,
        "activitePrincipaleEtablissement": "84.11Z",
        "nomenclatureActivitePrincipaleEtablissement": "NAFRev2",
        "changementActivitePrincipaleEtablissement": false,
        "caractereEmployeurEtablissement": "O",
        "changementCaractereEmployeurEtablissement": false
      },
      {
        "dateFin": "2023-04-30",
        "dateDebut": "2008-01-01",
        "etatAdministratifEtablissement": "A",
        "changementEtatAdministratifEtablissement": false,
        "enseigne1Etablissement": "MAIRIE CHAMONIX - ARGENTIERE",
        "enseigne2Etablissement": null,
        "enseigne3Etablissement": null,
        "changementEnseigneEtablissement": false,
        "denominationUsuelleEtablissement": null,
        "changementDenominationUsuelleEtablissement": false,
        "activitePrincipaleEtablissement": "84.11Z",
        "nomenclatureActivitePrincipaleEtablissement": "NAFRev2",
        "changementActivitePrincipaleEtablissement": true,
        "caractereEmployeurEtablissement": "O",
        "changementCaractereEmployeurEtablissement": false
      },
      {
        "dateFin": "2007-12-31",
        "dateDebut": "1996-12-25",
        "etatAdministratifEtablissement": "A",
        "changementEtatAdministratifEtablissement": false,
        "enseigne1Etablissement": "MAIRIE CHAMONIX - ARGENTIERE",
        "enseigne2Etablissement": null,
        "enseigne3Etablissement": null,
        "changementEnseigneEtablissement": false,
        "denominationUsuelleEtablissement": null,
        "changementDenominationUsuelleEtablissement": false,
        "activitePrincipaleEtablissement": "75.1A",
        "nomenclatureActivitePrincipaleEtablissement": "NAF1993",
        "changementActivitePrincipaleEtablissement": false,
        "caractereEmployeurEtablissement": "O",
        "changementCaractereEmployeurEtablissement": true
      },
      {
        "dateFin": "1996-12-24",
        "dateDebut": "1987-12-25",
        "etatAdministratifEtablissement": "A",
        "changementEtatAdministratifEtablissement": false,
        "enseigne1Etablissement": "MAIRIE CHAMONIX - ARGENTIERE",
        "enseigne2Etablissement": null,
        "enseigne3Etablissement": null,
        "changementEnseigneEtablissement": false,
        "denominationUsuelleEtablissement": null,
        "changementDenominationUsuelleEtablissement": false,
        "activitePrincipaleEtablissement": "75.1A",
        "nomenclatureActivitePrincipaleEtablissement": "NAF1993",
        "changementActivitePrincipaleEtablissement": true,
        "caractereEmployeurEtablissement": null,
        "changementCaractereEmployeurEtablissement": false
      },
      {
        "dateFin": "1987-12-24",
        "dateDebut": "1983-03-01",
        "etatAdministratifEtablissement": "A",
        "changementEtatAdministratifEtablissement": false,
        "enseigne1Etablissement": "MAIRIE CHAMONIX - ARGENTIERE",
        "enseigne2Etablissement": null,
        "enseigne3Etablissement": null,
        "changementEnseigneEtablissement": false,
        "denominationUsuelleEtablissement": null,
        "changementDenominationUsuelleEtablissement": false,
        "activitePrincipaleEtablissement": null,
        "nomenclatureActivitePrincipaleEtablissement": null,
        "changementActivitePrincipaleEtablissement": false,
        "caractereEmployeurEtablissement": null,
        "changementCaractereEmployeurEtablissement": false
      }
    ]
  }
}
