{
  "header": { "statut": 200, "message": "ok" },
  "etablissement": {
    "siren": "219200235",
    "nic": "00394",
    "siret": "21920023500394",
    "statutDiffusionEtablissement": "O",
    "dateCreationEtablissement": "2000-12-01",
    "trancheEffectifsEtablissement": null,
    "anneeEffectifsEtablissement": null,
    "activitePrincipaleRegistreMetiersEtablissement": null,
    "dateDernierTraitementEtablissement": "2024-03-30T01:59:45.321",
    "etablissementSiege": false,
    "nombrePeriodesEtablissement": 3,
    "uniteLegale": {
      "etatAdministratifUniteLegale": "A",
      "statutDiffusionUniteLegale": "O",
      "dateCreationUniteLegale": "1980-01-01",
      "categorieJuridiqueUniteLegale": "7210",
      "denominationUniteLegale": "COMMUNE DE CLAMART",
      "sigleUniteLegale": null,
      "denominationUsuelle1UniteLegale": null,
      "denominationUsuelle2UniteLegale": null,
      "denominationUsuelle3UniteLegale": null,
      "sexeUniteLegale": null,
      "nomUniteLegale": null,
      "nomUsageUniteLegale": null,
      "prenom1UniteLegale": null,
      "prenom2UniteLegale": null,
      "prenom3UniteLegale": null,
      "prenom4UniteLegale": null,
      "prenomUsuelUniteLegale": null,
      "pseudonymeUniteLegale": null,
      "activitePrincipaleUniteLegale": "84.11Z",
      "nomenclatureActivitePrincipaleUniteLegale": "NAFRev2",
      "identifiantAssociationUniteLegale": null,
      "economieSocialeSolidaireUniteLegale": "N",
      "societeMissionUniteLegale": null,
      "caractereEmployeurUniteLegale": null,
      "trancheEffectifsUniteLegale": "42",
      "anneeEffectifsUniteLegale": "2022",
      "nicSiegeUniteLegale": "00014",
      "dateDernierTraitementUniteLegale": "2024-03-22T09:28:19.000",
      "categorieEntreprise": "ETI",
      "anneeCategorieEntreprise": "2022"
    },
    "adresseEtablissement": {
      "complementAdresseEtablissement": "MAIRIE",
      "numeroVoieEtablissement": "1",
      "indiceRepetitionEtablissement": null,
      "dernierNumeroVoieEtablissement": null,
      "indiceRepetitionDernierNumeroVoieEtablissement": null,
      "typeVoieEtablissement": "PLACE",
      "libelleVoieEtablissement": "MAURICE GUNSBOURG",
      "codePostalEtablissement": "92140",
      "libelleCommuneEtablissement": "CLAMART",
      "libelleCommuneEtrangerEtablissement": null,
      "distributionSpecialeEtablissement": null,
      "codeCommuneEtablissement": "92023",
      "codeCedexEtablissement": null,
      "libelleCedexEtablissement": null,
      "codePaysEtrangerEtablissement": null,
      "libellePaysEtrangerEtablissement": null,
      "identifiantAdresseEtablissement": "920236195_B",
      "coordonneeLambertAbscisseEtablissement": "645855.503523923",
      "coordonneeLambertOrdonneeEtablissement": "6855867.034266014"
    },
    "adresse2Etablissement": {
      "complementAdresse2Etablissement": null,
      "numeroVoie2Etablissement": null,
      "indiceRepetition2Etablissement": null,
      "typeVoie2Etablissement": null,
      "libelleVoie2Etablissement": null,
      "codePostal2Etablissement": null,
      "libelleCommune2Etablissement": null,
      "libelleCommuneEtranger2Etablissement": null,
      "distributionSpeciale2Etablissement": null,
      "codeCommune2Etablissement": null,
      "codeCedex2Etablissement": null,
      "libelleCedex2Etablissement": null,
      "codePaysEtranger2Etablissement": null,
      "libellePaysEtranger2Etablissement": null
    },
    "periodesEtablissement": [
      {
        "dateFin": null,
        "dateDebut": "2008-01-01",
        "etatAdministratifEtablissement": "A",
        "changementEtatAdministratifEtablissement": false,
        "enseigne1Etablissement": "SERVICE ASSAINISSEMENT",
        "enseigne2Etablissement": null,
        "enseigne3Etablissement": null,
        "changementEnseigneEtablissement": false,
        "denominationUsuelleEtablissement": null,
        "changementDenominationUsuelleEtablissement": false,
        "activitePrincipaleEtablissement": "37.00Z",
        "nomenclatureActivitePrincipaleEtablissement": "NAFRev2",
        "changementActivitePrincipaleEtablissement": true,
        "caractereEmployeurEtablissement": "N",
        "changementCaractereEmployeurEtablissement": false
      },
      {
        "dateFin": "2007-12-31",
        "dateDebut": "2000-12-25",
        "etatAdministratifEtablissement": "A",
        "changementEtatAdministratifEtablissement": false,
        "enseigne1Etablissement": "SERVICE ASSAINISSEMENT",
        "enseigne2Etablissement": null,
        "enseigne3Etablissement": null,
        "changementEnseigneEtablissement": false,
        "denominationUsuelleEtablissement": null,
        "changementDenominationUsuelleEtablissement": false,
        "activitePrincipaleEtablissement": "90.0A",
        "nomenclatureActivitePrincipaleEtablissement": "NAF1993",
        "changementActivitePrincipaleEtablissement": true,
        "caractereEmployeurEtablissement": "N",
        "changementCaractereEmployeurEtablissement": false
      },
      {
        "dateFin": "2000-12-24",
        "dateDebut": "2000-12-01",
        "etatAdministratifEtablissement": "A",
        "changementEtatAdministratifEtablissement": false,
        "enseigne1Etablissement": "SERVICE ASSAINISSEMENT",
        "enseigne2Etablissement": null,
        "enseigne3Etablissement": null,
        "changementEnseigneEtablissement": false,
        "denominationUsuelleEtablissement": null,
        "changementDenominationUsuelleEtablissement": false,
        "activitePrincipaleEtablissement": null,
        "nomenclatureActivitePrincipaleEtablissement": null,
        "changementActivitePrincipaleEtablissement": false,
        "caractereEmployeurEtablissement": "N",
        "changementCaractereEmployeurEtablissement": false
      }
    ]
  }
}
