{
  "header": { "statut": 200, "message": "ok" },
  "etablissement": {
    "siren": "453340176",
    "nic": "00024",
    "siret": "45334017600024",
    "statutDiffusionEtablissement": "O",
    "dateCreationEtablissement": "2008-05-26",
    "trancheEffectifsEtablissement": "21",
    "anneeEffectifsEtablissement": "2022",
    "activitePrincipaleRegistreMetiersEtablissement": null,
    "dateDernierTraitementEtablissement": "2024-03-30T05:58:57.497",
    "etablissementSiege": true,
    "nombrePeriodesEtablissement": 4,
    "uniteLegale": {
      "etatAdministratifUniteLegale": "A",
      "statutDiffusionUniteLegale": "O",
      "dateCreationUniteLegale": "2004-04-22",
      "categorieJuridiqueUniteLegale": "5710",
      "denominationUniteLegale": "CLAMART",
      "sigleUniteLegale": null,
      "denominationUsuelle1UniteLegale": "LA RESIDENCE MEDICIS",
      "denominationUsuelle2UniteLegale": null,
      "denominationUsuelle3UniteLegale": null,
      "sexeUniteLegale": null,
      "nomUniteLegale": null,
      "nomUsageUniteLegale": null,
      "prenom1UniteLegale": null,
      "prenom2UniteLegale": null,
      "prenom3UniteLegale": null,
      "prenom4UniteLegale": null,
      "prenomUsuelUniteLegale": null,
      "pseudonymeUniteLegale": null,
      "activitePrincipaleUniteLegale": "87.10A",
      "nomenclatureActivitePrincipaleUniteLegale": "NAFRev2",
      "identifiantAssociationUniteLegale": null,
      "economieSocialeSolidaireUniteLegale": "N",
      "societeMissionUniteLegale": null,
      "caractereEmployeurUniteLegale": null,
      "trancheEffectifsUniteLegale": "21",
      "anneeEffectifsUniteLegale": "2022",
      "nicSiegeUniteLegale": "00024",
      "dateDernierTraitementUniteLegale": "2024-03-22T09:28:19.000",
      "categorieEntreprise": "GE",
      "anneeCategorieEntreprise": "2022"
    },
    "adresseEtablissement": {
      "complementAdresseEtablissement": "55 B",
      "numeroVoieEtablissement": "55",
      "indiceRepetitionEtablissement": "B",
      "dernierNumeroVoieEtablissement": null,
      "indiceRepetitionDernierNumeroVoieEtablissement": null,
      "typeVoieEtablissement": "RUE",
      "libelleVoieEtablissement": "DU TROSY",
      "codePostalEtablissement": "92140",
      "libelleCommuneEtablissement": "CLAMART",
      "libelleCommuneEtrangerEtablissement": null,
      "distributionSpecialeEtablissement": null,
      "codeCommuneEtablissement": "92023",
      "codeCedexEtablissement": null,
      "libelleCedexEtablissement": null,
      "codePaysEtrangerEtablissement": null,
      "libellePaysEtrangerEtablissement": null,
      "identifiantAdresseEtablissement": "920239175_C",
      "coordonneeLambertAbscisseEtablissement": null,
      "coordonneeLambertOrdonneeEtablissement": null
    },
    "adresse2Etablissement": {
      "complementAdresse2Etablissement": null,
      "numeroVoie2Etablissement": null,
      "indiceRepetition2Etablissement": null,
      "typeVoie2Etablissement": null,
      "libelleVoie2Etablissement": null,
      "codePostal2Etablissement": null,
      "libelleCommune2Etablissement": null,
      "libelleCommuneEtranger2Etablissement": null,
      "distributionSpeciale2Etablissement": null,
      "codeCommune2Etablissement": null,
      "codeCedex2Etablissement": null,
      "libelleCedex2Etablissement": null,
      "codePaysEtranger2Etablissement": null,
      "libellePaysEtranger2Etablissement": null
    },
    "periodesEtablissement": [
      {
        "dateFin": null,
        "dateDebut": "2015-01-01",
        "etatAdministratifEtablissement": "A",
        "changementEtatAdministratifEtablissement": false,
        "enseigne1Etablissement": null,
        "enseigne2Etablissement": null,
        "enseigne3Etablissement": null,
        "changementEnseigneEtablissement": false,
        "denominationUsuelleEtablissement": "RESIDENCE ALPHONSE DAUDET",
        "changementDenominationUsuelleEtablissement": true,
        "activitePrincipaleEtablissement": "87.10A",
        "nomenclatureActivitePrincipaleEtablissement": "NAFRev2",
        "changementActivitePrincipaleEtablissement": false,
        "caractereEmployeurEtablissement": "O",
        "changementCaractereEmployeurEtablissement": false
      },
      {
        "dateFin": "2014-12-31",
        "dateDebut": "2014-04-01",
        "etatAdministratifEtablissement": "A",
        "changementEtatAdministratifEtablissement": false,
        "enseigne1Etablissement": null,
        "enseigne2Etablissement": null,
        "enseigne3Etablissement": null,
        "changementEnseigneEtablissement": false,
        "denominationUsuelleEtablissement": null,
        "changementDenominationUsuelleEtablissement": false,
        "activitePrincipaleEtablissement": "87.10A",
        "nomenclatureActivitePrincipaleEtablissement": "NAFRev2",
        "changementActivitePrincipaleEtablissement": false,
        "caractereEmployeurEtablissement": "O",
        "changementCaractereEmployeurEtablissement": true
      },
      {
        "dateFin": "2014-03-31",
        "dateDebut": "2010-03-01",
        "etatAdministratifEtablissement": "A",
        "changementEtatAdministratifEtablissement": false,
        "enseigne1Etablissement": null,
        "enseigne2Etablissement": null,
        "enseigne3Etablissement": null,
        "changementEnseigneEtablissement": false,
        "denominationUsuelleEtablissement": null,
        "changementDenominationUsuelleEtablissement": false,
        "activitePrincipaleEtablissement": "87.10A",
        "nomenclatureActivitePrincipaleEtablissement": "NAFRev2",
        "changementActivitePrincipaleEtablissement": false,
        "caractereEmployeurEtablissement": "N",
        "changementCaractereEmployeurEtablissement": true
      },
      {
        "dateFin": "2010-02-28",
        "dateDebut": "2008-05-26",
        "etatAdministratifEtablissement": "A",
        "changementEtatAdministratifEtablissement": false,
        "enseigne1Etablissement": null,
        "enseigne2Etablissement": null,
        "enseigne3Etablissement": null,
        "changementEnseigneEtablissement": false,
        "denominationUsuelleEtablissement": null,
        "changementDenominationUsuelleEtablissement": false,
        "activitePrincipaleEtablissement": "87.10A",
        "nomenclatureActivitePrincipaleEtablissement": "NAFRev2",
        "changementActivitePrincipaleEtablissement": false,
        "caractereEmployeurEtablissement": "O",
        "changementCaractereEmployeurEtablissement": false
      }
    ]
  }
}
