{
  "header": { "statut": 200, "message": "ok" },
  "etablissement": {
    "siren": "542051180",
    "nic": "00066",
    "siret": "54205118000066",
    "statutDiffusionEtablissement": "O",
    "dateCreationEtablissement": "2000-03-22",
    "trancheEffectifsEtablissement": "51",
    "anneeEffectifsEtablissement": "2022",
    "activitePrincipaleRegistreMetiersEtablissement": null,
    "dateDernierTraitementEtablissement": "2024-07-04T05:15:38.790",
    "etablissementSiege": true,
    "nombrePeriodesEtablissement": 7,
    "uniteLegale": {
      "etatAdministratifUniteLegale": "A",
      "statutDiffusionUniteLegale": "O",
      "dateCreationUniteLegale": "1954-01-01",
      "categorieJuridiqueUniteLegale": "5800",
      "denominationUniteLegale": "TOTALENERGIES SE",
      "sigleUniteLegale": null,
      "denominationUsuelle1UniteLegale": null,
      "denominationUsuelle2UniteLegale": null,
      "denominationUsuelle3UniteLegale": null,
      "sexeUniteLegale": null,
      "nomUniteLegale": null,
      "nomUsageUniteLegale": null,
      "prenom1UniteLegale": null,
      "prenom2UniteLegale": null,
      "prenom3UniteLegale": null,
      "prenom4UniteLegale": null,
      "prenomUsuelUniteLegale": null,
      "pseudonymeUniteLegale": null,
      "activitePrincipaleUniteLegale": "70.10Z",
      "nomenclatureActivitePrincipaleUniteLegale": "NAFRev2",
      "identifiantAssociationUniteLegale": null,
      "economieSocialeSolidaireUniteLegale": "N",
      "societeMissionUniteLegale": null,
      "caractereEmployeurUniteLegale": null,
      "trancheEffectifsUniteLegale": "51",
      "anneeEffectifsUniteLegale": "2022",
      "nicSiegeUniteLegale": "00066",
      "dateDernierTraitementUniteLegale": "2024-07-04T05:15:38.782",
      "categorieEntreprise": "GE",
      "anneeCategorieEntreprise": "2022"
    },
    "adresseEtablissement": {
      "complementAdresseEtablissement": "LA DEFENSE 6",
      "numeroVoieEtablissement": "2",
      "indiceRepetitionEtablissement": null,
      "dernierNumeroVoieEtablissement": null,
      "indiceRepetitionDernierNumeroVoieEtablissement": null,
      "typeVoieEtablissement": "PLACE",
      "libelleVoieEtablissement": "JEAN MILLIER",
      "codePostalEtablissement": "92400",
      "libelleCommuneEtablissement": "COURBEVOIE",
      "libelleCommuneEtrangerEtablissement": null,
      "distributionSpecialeEtablissement": null,
      "codeCommuneEtablissement": "92026",
      "codeCedexEtablissement": null,
      "libelleCedexEtablissement": null,
      "codePaysEtrangerEtablissement": null,
      "libellePaysEtrangerEtablissement": null,
      "identifiantAdresseEtablissement": "920261565_B",
      "coordonneeLambertAbscisseEtablissement": "644493.6626400991",
      "coordonneeLambertOrdonneeEtablissement": "6866121.792866076"
    },
    "adresse2Etablissement": {
      "complementAdresse2Etablissement": null,
      "numeroVoie2Etablissement": null,
      "indiceRepetition2Etablissement": null,
      "typeVoie2Etablissement": null,
      "libelleVoie2Etablissement": null,
      "codePostal2Etablissement": null,
      "libelleCommune2Etablissement": null,
      "libelleCommuneEtranger2Etablissement": null,
      "distributionSpeciale2Etablissement": null,
      "codeCommune2Etablissement": null,
      "codeCedex2Etablissement": null,
      "libelleCedex2Etablissement": null,
      "codePaysEtranger2Etablissement": null,
      "libellePaysEtranger2Etablissement": null
    },
    "periodesEtablissement": [
      {
        "dateFin": null,
        "dateDebut": "2021-05-28",
        "etatAdministratifEtablissement": "A",
        "changementEtatAdministratifEtablissement": false,
        "enseigne1Etablissement": null,
        "enseigne2Etablissement": null,
        "enseigne3Etablissement": null,
        "changementEnseigneEtablissement": false,
        "denominationUsuelleEtablissement": "TOTALENERGIE SE",
        "changementDenominationUsuelleEtablissement": true,
        "activitePrincipaleEtablissement": "70.10Z",
        "nomenclatureActivitePrincipaleEtablissement": "NAFRev2",
        "changementActivitePrincipaleEtablissement": false,
        "caractereEmployeurEtablissement": "O",
        "changementCaractereEmployeurEtablissement": false
      },
      {
        "dateFin": "2021-05-27",
        "dateDebut": "2020-05-29",
        "etatAdministratifEtablissement": "A",
        "changementEtatAdministratifEtablissement": false,
        "enseigne1Etablissement": null,
        "enseigne2Etablissement": null,
        "enseigne3Etablissement": null,
        "changementEnseigneEtablissement": false,
        "denominationUsuelleEtablissement": "TOTAL SE",
        "changementDenominationUsuelleEtablissement": true,
        "activitePrincipaleEtablissement": "70.10Z",
        "nomenclatureActivitePrincipaleEtablissement": "NAFRev2",
        "changementActivitePrincipaleEtablissement": false,
        "caractereEmployeurEtablissement": "O",
        "changementCaractereEmployeurEtablissement": false
      },
      {
        "dateFin": "2020-05-28",
        "dateDebut": "2008-01-01",
        "etatAdministratifEtablissement": "A",
        "changementEtatAdministratifEtablissement": false,
        "enseigne1Etablissement": null,
        "enseigne2Etablissement": null,
        "enseigne3Etablissement": null,
        "changementEnseigneEtablissement": false,
        "denominationUsuelleEtablissement": null,
        "changementDenominationUsuelleEtablissement": false,
        "activitePrincipaleEtablissement": "70.10Z",
        "nomenclatureActivitePrincipaleEtablissement": "NAFRev2",
        "changementActivitePrincipaleEtablissement": true,
        "caractereEmployeurEtablissement": "O",
        "changementCaractereEmployeurEtablissement": false
      },
      {
        "dateFin": "2007-12-31",
        "dateDebut": "2004-12-25",
        "etatAdministratifEtablissement": "A",
        "changementEtatAdministratifEtablissement": false,
        "enseigne1Etablissement": null,
        "enseigne2Etablissement": null,
        "enseigne3Etablissement": null,
        "changementEnseigneEtablissement": false,
        "denominationUsuelleEtablissement": null,
        "changementDenominationUsuelleEtablissement": false,
        "activitePrincipaleEtablissement": "74.1J",
        "nomenclatureActivitePrincipaleEtablissement": "NAFRev1",
        "changementActivitePrincipaleEtablissement": true,
        "caractereEmployeurEtablissement": "O",
        "changementCaractereEmployeurEtablissement": false
      },
      {
        "dateFin": "2004-12-24",
        "dateDebut": "2001-12-25",
        "etatAdministratifEtablissement": "A",
        "changementEtatAdministratifEtablissement": false,
        "enseigne1Etablissement": null,
        "enseigne2Etablissement": null,
        "enseigne3Etablissement": null,
        "changementEnseigneEtablissement": false,
        "denominationUsuelleEtablissement": null,
        "changementDenominationUsuelleEtablissement": false,
        "activitePrincipaleEtablissement": "11.1Z",
        "nomenclatureActivitePrincipaleEtablissement": "NAF1993",
        "changementActivitePrincipaleEtablissement": true,
        "caractereEmployeurEtablissement": "O",
        "changementCaractereEmployeurEtablissement": false
      },
      {
        "dateFin": "2001-12-24",
        "dateDebut": "2000-12-25",
        "etatAdministratifEtablissement": "A",
        "changementEtatAdministratifEtablissement": false,
        "enseigne1Etablissement": null,
        "enseigne2Etablissement": null,
        "enseigne3Etablissement": null,
        "changementEnseigneEtablissement": false,
        "denominationUsuelleEtablissement": null,
        "changementDenominationUsuelleEtablissement": false,
        "activitePrincipaleEtablissement": null,
        "nomenclatureActivitePrincipaleEtablissement": null,
        "changementActivitePrincipaleEtablissement": false,
        "caractereEmployeurEtablissement": "O",
        "changementCaractereEmployeurEtablissement": true
      },
      {
        "dateFin": "2000-12-24",
        "dateDebut": "2000-03-22",
        "etatAdministratifEtablissement": "A",
        "changementEtatAdministratifEtablissement": false,
        "enseigne1Etablissement": null,
        "enseigne2Etablissement": null,
        "enseigne3Etablissement": null,
        "changementEnseigneEtablissement": false,
        "denominationUsuelleEtablissement": null,
        "changementDenominationUsuelleEtablissement": false,
        "activitePrincipaleEtablissement": null,
        "nomenclatureActivitePrincipaleEtablissement": null,
        "changementActivitePrincipaleEtablissement": false,
        "caractereEmployeurEtablissement": null,
        "changementCaractereEmployeurEtablissement": false
      }
    ]
  }
}
