{
  "header": { "statut": 200, "message": "ok" },
  "etablissement": {
    "siren": "662042449",
    "nic": "05476",
    "siret": "66204244905476",
    "statutDiffusionEtablissement": "O",
    "dateCreationEtablissement": "1900-01-01",
    "trancheEffectifsEtablissement": "01",
    "anneeEffectifsEtablissement": "2022",
    "activitePrincipaleRegistreMetiersEtablissement": null,
    "dateDernierTraitementEtablissement": "2024-03-29T23:22:04.531",
    "etablissementSiege": false,
    "nombrePeriodesEtablissement": 4,
    "uniteLegale": {
      "etatAdministratifUniteLegale": "A",
      "statutDiffusionUniteLegale": "O",
      "dateCreationUniteLegale": "1966-07-01",
      "categorieJuridiqueUniteLegale": "5599",
      "denominationUniteLegale": "BNP PARIBAS",
      "sigleUniteLegale": null,
      "denominationUsuelle1UniteLegale": null,
      "denominationUsuelle2UniteLegale": null,
      "denominationUsuelle3UniteLegale": null,
      "sexeUniteLegale": null,
      "nomUniteLegale": null,
      "nomUsageUniteLegale": null,
      "prenom1UniteLegale": null,
      "prenom2UniteLegale": null,
      "prenom3UniteLegale": null,
      "prenom4UniteLegale": null,
      "prenomUsuelUniteLegale": null,
      "pseudonymeUniteLegale": null,
      "activitePrincipaleUniteLegale": "64.19Z",
      "nomenclatureActivitePrincipaleUniteLegale": "NAFRev2",
      "identifiantAssociationUniteLegale": null,
      "economieSocialeSolidaireUniteLegale": "N",
      "societeMissionUniteLegale": null,
      "caractereEmployeurUniteLegale": null,
      "trancheEffectifsUniteLegale": "53",
      "anneeEffectifsUniteLegale": "2022",
      "nicSiegeUniteLegale": "00014",
      "dateDernierTraitementUniteLegale": "2025-01-08T10:51:30.093",
      "categorieEntreprise": "GE",
      "anneeCategorieEntreprise": "2022"
    },
    "adresseEtablissement": {
      "complementAdresseEtablissement": null,
      "numeroVoieEtablissement": "3",
      "indiceRepetitionEtablissement": null,
      "dernierNumeroVoieEtablissement": null,
      "indiceRepetitionDernierNumeroVoieEtablissement": null,
      "typeVoieEtablissement": "PLACE",
      "libelleVoieEtablissement": "EMILE ZOLA",
      "codePostalEtablissement": "58500",
      "libelleCommuneEtablissement": "CLAMECY",
      "libelleCommuneEtrangerEtablissement": null,
      "distributionSpecialeEtablissement": null,
      "codeCommuneEtablissement": "58079",
      "codeCedexEtablissement": null,
      "libelleCedexEtablissement": null,
      "codePaysEtrangerEtablissement": null,
      "libellePaysEtrangerEtablissement": null,
      "identifiantAdresseEtablissement": "580790960_B",
      "coordonneeLambertAbscisseEtablissement": "739260.2287460744",
      "coordonneeLambertOrdonneeEtablissement": "6706719.053448031"
    },
    "adresse2Etablissement": {
      "complementAdresse2Etablissement": null,
      "numeroVoie2Etablissement": null,
      "indiceRepetition2Etablissement": null,
      "typeVoie2Etablissement": null,
      "libelleVoie2Etablissement": null,
      "codePostal2Etablissement": null,
      "libelleCommune2Etablissement": null,
      "libelleCommuneEtranger2Etablissement": null,
      "distributionSpeciale2Etablissement": null,
      "codeCommune2Etablissement": null,
      "codeCedex2Etablissement": null,
      "libelleCedex2Etablissement": null,
      "codePaysEtranger2Etablissement": null,
      "libellePaysEtranger2Etablissement": null
    },
    "periodesEtablissement": [
      {
        "dateFin": null,
        "dateDebut": "2008-01-01",
        "etatAdministratifEtablissement": "A",
        "changementEtatAdministratifEtablissement": false,
        "enseigne1Etablissement": null,
        "enseigne2Etablissement": null,
        "enseigne3Etablissement": null,
        "changementEnseigneEtablissement": false,
        "denominationUsuelleEtablissement": null,
        "changementDenominationUsuelleEtablissement": false,
        "activitePrincipaleEtablissement": "64.19Z",
        "nomenclatureActivitePrincipaleEtablissement": "NAFRev2",
        "changementActivitePrincipaleEtablissement": true,
        "caractereEmployeurEtablissement": "O",
        "changementCaractereEmployeurEtablissement": false
      },
      {
        "dateFin": "2007-12-31",
        "dateDebut": "1998-12-25",
        "etatAdministratifEtablissement": "A",
        "changementEtatAdministratifEtablissement": false,
        "enseigne1Etablissement": null,
        "enseigne2Etablissement": null,
        "enseigne3Etablissement": null,
        "changementEnseigneEtablissement": false,
        "denominationUsuelleEtablissement": null,
        "changementDenominationUsuelleEtablissement": false,
        "activitePrincipaleEtablissement": "65.1C",
        "nomenclatureActivitePrincipaleEtablissement": "NAF1993",
        "changementActivitePrincipaleEtablissement": false,
        "caractereEmployeurEtablissement": "O",
        "changementCaractereEmployeurEtablissement": true
      },
      {
        "dateFin": "1998-12-24",
        "dateDebut": "1990-12-25",
        "etatAdministratifEtablissement": "A",
        "changementEtatAdministratifEtablissement": false,
        "enseigne1Etablissement": null,
        "enseigne2Etablissement": null,
        "enseigne3Etablissement": null,
        "changementEnseigneEtablissement": false,
        "denominationUsuelleEtablissement": null,
        "changementDenominationUsuelleEtablissement": false,
        "activitePrincipaleEtablissement": "65.1C",
        "nomenclatureActivitePrincipaleEtablissement": "NAF1993",
        "changementActivitePrincipaleEtablissement": true,
        "caractereEmployeurEtablissement": null,
        "changementCaractereEmployeurEtablissement": false
      },
      {
        "dateFin": "1990-12-24",
        "dateDebut": "1900-01-01",
        "etatAdministratifEtablissement": "A",
        "changementEtatAdministratifEtablissement": false,
        "enseigne1Etablissement": null,
        "enseigne2Etablissement": null,
        "enseigne3Etablissement": null,
        "changementEnseigneEtablissement": false,
        "denominationUsuelleEtablissement": null,
        "changementDenominationUsuelleEtablissement": false,
        "activitePrincipaleEtablissement": null,
        "nomenclatureActivitePrincipaleEtablissement": null,
        "changementActivitePrincipaleEtablissement": false,
        "caractereEmployeurEtablissement": null,
        "changementCaractereEmployeurEtablissement": false
      }
    ]
  }
}
