{
  "header": { "statut": 200, "message": "ok" },
  "etablissement": {
    "siren": "818019127",
    "nic": "00021",
    "siret": "81801912700021",
    "statutDiffusionEtablissement": "O",
    "dateCreationEtablissement": "2020-02-17",
    "trancheEffectifsEtablissement": null,
    "anneeEffectifsEtablissement": null,
    "activitePrincipaleRegistreMetiersEtablissement": null,
    "dateDernierTraitementEtablissement": "2024-09-19T00:12:12.887",
    "etablissementSiege": true,
    "nombrePeriodesEtablissement": 1,
    "uniteLegale": {
      "etatAdministratifUniteLegale": "A",
      "statutDiffusionUniteLegale": "O",
      "dateCreationUniteLegale": "2016-02-01",
      "categorieJuridiqueUniteLegale": "1000",
      "denominationUniteLegale": null,
      "sigleUniteLegale": null,
      "denominationUsuelle1UniteLegale": null,
      "denominationUsuelle2UniteLegale": null,
      "denominationUsuelle3UniteLegale": null,
      "sexeUniteLegale": "M",
      "nomUniteLegale": "DARQUIE",
      "nomUsageUniteLegale": null,
      "prenom1UniteLegale": "GAETAN",
      "prenom2UniteLegale": "PHILIPPE",
      "prenom3UniteLegale": null,
      "prenom4UniteLegale": null,
      "prenomUsuelUniteLegale": "GAETAN",
      "pseudonymeUniteLegale": null,
      "activitePrincipaleUniteLegale": "62.01Z",
      "nomenclatureActivitePrincipaleUniteLegale": "NAFRev2",
      "identifiantAssociationUniteLegale": null,
      "economieSocialeSolidaireUniteLegale": null,
      "societeMissionUniteLegale": null,
      "caractereEmployeurUniteLegale": null,
      "trancheEffectifsUniteLegale": null,
      "anneeEffectifsUniteLegale": null,
      "nicSiegeUniteLegale": "00021",
      "dateDernierTraitementUniteLegale": "2024-09-19T00:12:12.870",
      "categorieEntreprise": "PME",
      "anneeCategorieEntreprise": "2022"
    },
    "adresseEtablissement": {
      "complementAdresseEtablissement": "LA RUCHE - SHINSEN",
      "numeroVoieEtablissement": "24",
      "indiceRepetitionEtablissement": null,
      "dernierNumeroVoieEtablissement": null,
      "indiceRepetitionDernierNumeroVoieEtablissement": null,
      "typeVoieEtablissement": "RUE",
      "libelleVoieEtablissement": "DE L'EST",
      "codePostalEtablissement": "75020",
      "libelleCommuneEtablissement": "PARIS",
      "libelleCommuneEtrangerEtablissement": null,
      "distributionSpecialeEtablissement": null,
      "codeCommuneEtablissement": "75120",
      "codeCedexEtablissement": null,
      "libelleCedexEtablissement": null,
      "codePaysEtrangerEtablissement": null,
      "libellePaysEtrangerEtablissement": null,
      "identifiantAdresseEtablissement": "751203370_B",
      "coordonneeLambertAbscisseEtablissement": "655503.5269270239",
      "coordonneeLambertOrdonneeEtablissement": "6863626.435843049"
    },
    "adresse2Etablissement": {
      "complementAdresse2Etablissement": null,
      "numeroVoie2Etablissement": null,
      "indiceRepetition2Etablissement": null,
      "typeVoie2Etablissement": null,
      "libelleVoie2Etablissement": null,
      "codePostal2Etablissement": null,
      "libelleCommune2Etablissement": null,
      "libelleCommuneEtranger2Etablissement": null,
      "distributionSpeciale2Etablissement": null,
      "codeCommune2Etablissement": null,
      "codeCedex2Etablissement": null,
      "libelleCedex2Etablissement": null,
      "codePaysEtranger2Etablissement": null,
      "libellePaysEtranger2Etablissement": null
    },
    "periodesEtablissement": [
      {
        "dateFin": null,
        "dateDebut": "2020-02-17",
        "etatAdministratifEtablissement": "A",
        "changementEtatAdministratifEtablissement": false,
        "enseigne1Etablissement": null,
        "enseigne2Etablissement": null,
        "enseigne3Etablissement": null,
        "changementEnseigneEtablissement": false,
        "denominationUsuelleEtablissement": null,
        "changementDenominationUsuelleEtablissement": false,
        "activitePrincipaleEtablissement": "62.01Z",
        "nomenclatureActivitePrincipaleEtablissement": "NAFRev2",
        "changementActivitePrincipaleEtablissement": false,
        "caractereEmployeurEtablissement": "N",
        "changementCaractereEmployeurEtablissement": false
      }
    ]
  }
}
